Jul 08 09:35:44 ubuntu-two sshd[2155]: Failed password for invalid user support from 180.76.105.165 port 54668 ssh2
Jul 08 09:35:46 ubuntu-two sshd[2155]: Received disconnect from 180.76.105.165 port 54668:11: Bye Bye [preauth]
Jul 08 09:35:46 ubuntu-two sshd[2155]: Disconnected from invalid user support 180.76.105.165 port 54668 [preauth]
Jul 08 09:35:59 ubuntu-two sshd[2157]: pam_unix(sshd:auth): authentication failure; logname= uid=0 euid=0 tty=ssh ruser= rhost=178.62.76.96  user=root
Jul 08 09:36:01 ubuntu-two sshd[2157]: Failed password for root from 178.62.76.96 port 40440 ssh2
Jul 08 09:36:02 ubuntu-two sshd[2157]: Received disconnect from 178.62.76.96 port 40440:11: Bye Bye [preauth]
Jul 08 09:36:02 ubuntu-two sshd[2157]: Disconnected from authenticating user root 178.62.76.96 port 40440 [preauth]
Jul 08 09:36:16 ubuntu-two sshd[2159]: Invalid user demo from 180.76.105.165 port 39580
Jul 08 09:36:16 ubuntu-two sshd[2159]: pam_unix(sshd:auth): check pass; user unknown
Jul 08 09:36:16 ubuntu-two sshd[2159]: pam_unix(sshd:auth): authentication failure; logname= uid=0 euid=0 tty=ssh ruser= rhost=180.76.105.165
Jul 08 09:36:18 ubuntu-two sshd[2161]: pam_unix(sshd:auth): authentication failure; logname= uid=0 euid=0 tty=ssh ruser= rhost=138.68.58.124  user=root
Jul 08 09:36:19 ubuntu-two sshd[2159]: Failed password for invalid user demo from 180.76.105.165 port 39580 ssh2
Jul 08 09:36:20 ubuntu-two sshd[2159]: Received disconnect from 180.76.105.165 port 39580:11: Bye Bye [preauth]
Jul 08 09:36:20 ubuntu-two sshd[2159]: Disconnected from invalid user demo 180.76.105.165 port 39580 [preauth]
Jul 08 09:36:21 ubuntu-two sshd[2161]: Failed password for root from 138.68.58.124 port 49504 ssh2
Jul 08 09:36:21 ubuntu-two sshd[2161]: Received disconnect from 138.68.58.124 port 49504:11: Bye Bye [preauth]
Jul 08 09:36:21 ubuntu-two sshd[2161]: Disconnected from authenticating user root 138.68.58.124 port 49504 [preauth]
Jul 08 09:36:24 ubuntu-two sshd[2163]: pam_unix(sshd:auth): authentication failure; logname= uid=0 euid=0 tty=ssh ruser= rhost=42.193.44.188  user=root
Jul 08 09:36:26 ubuntu-two sshd[2163]: Failed password for root from 42.193.44.188 port 47138 ssh2
Jul 08 09:36:27 ubuntu-two sshd[2163]: Received disconnect from 42.193.44.188 port 47138:11: Bye Bye [preauth]
Jul 08 09:36:27 ubuntu-two sshd[2163]: Disconnected from authenticating user root 42.193.44.188 port 47138 [preauth]
Jul 08 09:36:28 ubuntu-two sshd[2165]: pam_unix(sshd:auth): authentication failure; logname= uid=0 euid=0 tty=ssh ruser= rhost=128.199.230.181  user=root
Jul 08 09:36:29 ubuntu-two sshd[2167]: pam_unix(sshd:auth): authentication failure; logname= uid=0 euid=0 tty=ssh ruser= rhost=106.13.1.98  user=root
Jul 08 09:36:30 ubuntu-two sshd[2165]: Failed password for root from 128.199.230.181 port 52856 ssh2
Jul 08 09:36:31 ubuntu-two sshd[2165]: Received disconnect from 128.199.230.181 port 52856:11: Bye Bye [preauth]
Jul 08 09:36:31 ubuntu-two sshd[2165]: Disconnected from authenticating user root 128.199.230.181 port 52856 [preauth]
Jul 08 09:36:31 ubuntu-two sshd[2167]: Failed password for root from 106.13.1.98 port 42926 ssh2
Jul 08 09:36:32 ubuntu-two sshd[2167]: Received disconnect from 106.13.1.98 port 42926:11: Bye Bye [preauth]
Jul 08 09:36:32 ubuntu-two sshd[2167]: Disconnected from authenticating user root 106.13.1.98 port 42926 [preauth]
Jul 08 09:36:41 ubuntu-two sshd[2171]: pam_unix(sshd:auth): authentication failure; logname= uid=0 euid=0 tty=ssh ruser= rhost=218.28.133.53  user=root
Jul 08 09:36:43 ubuntu-two sshd[2171]: Failed password for root from 218.28.133.53 port 17748 ssh2
Jul 08 09:36:44 ubuntu-two sshd[2171]: Received disconnect from 218.28.133.53 port 17748:11: Bye Bye [preauth]
Jul 08 09:36:44 ubuntu-two sshd[2171]: Disconnected from authenticating user root 218.28.133.53 port 17748 [preauth]
Jul 08 09:36:48 ubuntu-two sshd[2173]: pam_unix(sshd:auth): authentication failure; logname= uid=0 euid=0 tty=ssh ruser= rhost=98.143.148.45  user=root
Jul 08 09:36:49 ubuntu-two sshd[2175]: pam_unix(sshd:auth): authentication failure; logname= uid=0 euid=0 tty=ssh ruser= rhost=159.65.152.65  user=root
Jul 08 09:36:50 ubuntu-two sshd[2173]: Failed password for root from 98.143.148.45 port 51998 ssh2
Jul 08 09:36:51 ubuntu-two sshd[2175]: Failed password for root from 159.65.152.65 port 49170 ssh2
Jul 08 09:36:51 ubuntu-two sshd[2173]: Received disconnect from 98.143.148.45 port 51998:11: Bye Bye [preauth]
Jul 08 09:36:51 ubuntu-two sshd[2173]: Disconnected from authenticating user root 98.143.148.45 port 51998 [preauth]
Jul 08 09:36:52 ubuntu-two sshd[2175]: Received disconnect from 159.65.152.65 port 49170:11: Bye Bye [preauth]
Jul 08 09:36:52 ubuntu-two sshd[2175]: Disconnected from authenticating user root 159.65.152.65 port 49170 [preauth]
Jul 08 09:36:52 ubuntu-two sshd[2177]: Invalid user test1 from 180.76.105.165 port 54756
Jul 08 09:36:52 ubuntu-two sshd[2177]: pam_unix(sshd:auth): check pass; user unknown
Jul 08 09:36:52 ubuntu-two sshd[2177]: pam_unix(sshd:auth): authentication failure; logname= uid=0 euid=0 tty=ssh ruser= rhost=180.76.105.165
Jul 08 09:36:55 ubuntu-two sshd[2177]: Failed password for invalid user test1 from 180.76.105.165 port 54756 ssh2
Jul 08 09:36:55 ubuntu-two sshd[2179]: pam_unix(sshd:auth): authentication failure; logname= uid=0 euid=0 tty=ssh ruser= rhost=165.22.50.136  user=root
Jul 08 09:36:56 ubuntu-two sshd[2177]: Received disconnect from 180.76.105.165 port 54756:11: Bye Bye [preauth]
Jul 08 09:36:56 ubuntu-two sshd[2177]: Disconnected from invalid user test1 180.76.105.165 port 54756 [preauth]
Jul 08 09:36:57 ubuntu-two sshd[2169]: Connection closed by 194.5.235.110 port 51190 [preauth]
Jul 08 09:36:57 ubuntu-two sshd[2179]: Failed password for root from 165.22.50.136 port 60866 ssh2
Jul 08 09:36:58 ubuntu-two sshd[2179]: Received disconnect from 165.22.50.136 port 60866:11: Bye Bye [preauth]
Jul 08 09:36:58 ubuntu-two sshd[2179]: Disconnected from authenticating user root 165.22.50.136 port 60866 [preauth]
Jul 08 09:37:24 ubuntu-two sshd[2181]: Invalid user user1 from 180.76.105.165 port 39136
Jul 08 09:37:24 ubuntu-two sshd[2181]: pam_unix(sshd:auth): check pass; user unknown
Jul 08 09:37:24 ubuntu-two sshd[2181]: pam_unix(sshd:auth): authentication failure; logname= uid=0 euid=0 tty=ssh ruser= rhost=180.76.105.165
Jul 08 09:37:26 ubuntu-two sshd[2181]: Failed password for invalid user user1 from 180.76.105.165 port 39136 ssh2
Jul 08 09:37:28 ubuntu-two sshd[2181]: Received disconnect from 180.76.105.165 port 39136:11: Bye Bye [preauth]
Jul 08 09:37:28 ubuntu-two sshd[2181]: Disconnected from invalid user user1 180.76.105.165 port 39136 [preauth]
Jul 08 09:37:40 ubuntu-two sshd[2183]: pam_unix(sshd:auth): authentication failure; logname= uid=0 euid=0 tty=ssh ruser= rhost=178.62.76.96  user=root
Jul 08 09:37:42 ubuntu-two sshd[2183]: Failed password for root from 178.62.76.96 port 35584 ssh2
Jul 08 09:37:43 ubuntu-two sshd[2183]: Received disconnect from 178.62.76.96 port 35584:11: Bye Bye [preauth]
Jul 08 09:37:43 ubuntu-two sshd[2183]: Disconnected from authenticating user root 178.62.76.96 port 35584 [preauth]
Jul 08 09:37:57 ubuntu-two sshd[2185]: Invalid user tester from 180.76.105.165 port 54268
Jul 08 09:37:57 ubuntu-two sshd[2185]: pam_unix(sshd:auth): check pass; user unknown
Jul 08 09:37:57 ubuntu-two sshd[2185]: pam_unix(sshd:auth): authentication failure; logname= uid=0 euid=0 tty=ssh ruser= rhost=180.76.105.165
Jul 08 09:37:59 ubuntu-two sshd[2185]: Failed password for invalid user tester from 180.76.105.165 port 54268 ssh2
Jul 08 09:38:00 ubuntu-two sshd[2185]: Received disconnect from 180.76.105.165 port 54268:11: Bye Bye [preauth]
Jul 08 09:38:00 ubuntu-two sshd[2185]: Disconnected from invalid user tester 180.76.105.165 port 54268 [preauth]
Jul 08 09:38:12 ubuntu-two sshd[2187]: pam_unix(sshd:auth): authentication failure; logname= uid=0 euid=0 tty=ssh ruser= rhost=117.50.100.158  user=root
Jul 08 09:38:14 ubuntu-two sshd[2187]: Failed password for root from 117.50.100.158 port 38288 ssh2
Jul 08 09:38:15 ubuntu-two sshd[2187]: Received disconnect from 117.50.100.158 port 38288:11: Bye Bye [preauth]
Jul 08 09:38:15 ubuntu-two sshd[2187]: Disconnected from authenticating user root 117.50.100.158 port 38288 [preauth]
Jul 08 09:38:35 ubuntu-two sshd[2189]: Invalid user sig from 180.76.105.165 port 41992
Jul 08 09:38:35 ubuntu-two sshd[2189]: pam_unix(sshd:auth): check pass; user unknown
Jul 08 09:38:35 ubuntu-two sshd[2189]: pam_unix(sshd:auth): authentication failure; logname= uid=0 euid=0 tty=ssh ruser= rhost=180.76.105.165
Jul 08 09:38:36 ubuntu-two sshd[2189]: Failed password for invalid user sig from 180.76.105.165 port 41992 ssh2
Jul 08 09:38:37 ubuntu-two sshd[2189]: Received disconnect from 180.76.105.165 port 41992:11: Bye Bye [preauth]
Jul 08 09:38:37 ubuntu-two sshd[2189]: Disconnected from invalid user sig 180.76.105.165 port 41992 [preauth]
Jul 08 09:38:45 ubuntu-two sshd[2191]: pam_unix(sshd:auth): authentication failure; logname= uid=0 euid=0 tty=ssh ruser= rhost=106.13.1.98  user=root
Jul 08 09:38:47 ubuntu-two sshd[2191]: Failed password for root from 106.13.1.98 port 47286 ssh2
Jul 08 09:38:48 ubuntu-two sshd[2191]: Received disconnect from 106.13.1.98 port 47286:11: Bye Bye [preauth]
Jul 08 09:38:48 ubuntu-two sshd[2191]: Disconnected from authenticating user root 106.13.1.98 port 47286 [preauth]
Jul 08 09:38:50 ubuntu-two sshd[2193]: pam_unix(sshd:auth): authentication failure; logname= uid=0 euid=0 tty=ssh ruser= rhost=128.199.230.181  user=root
Jul 08 09:38:52 ubuntu-two sshd[2193]: Failed password for root from 128.199.230.181 port 37278 ssh2
Jul 08 09:38:52 ubuntu-two sshd[2195]: pam_unix(sshd:auth): authentication failure; logname= uid=0 euid=0 tty=ssh ruser= rhost=138.68.58.124  user=root
Jul 08 09:38:53 ubuntu-two sshd[2193]: Received disconnect from 128.199.230.181 port 37278:11: Bye Bye [preauth]
Jul 08 09:38:53 ubuntu-two sshd[2193]: Disconnected from authenticating user root 128.199.230.181 port 37278 [preauth]
Jul 08 09:38:55 ubuntu-two sshd[2195]: Failed password for root from 138.68.58.124 port 59050 ssh2
Jul 08 09:38:55 ubuntu-two sshd[2195]: Received disconnect from 138.68.58.124 port 59050:11: Bye Bye [preauth]
Jul 08 09:38:55 ubuntu-two sshd[2195]: Disconnected from authenticating user root 138.68.58.124 port 59050 [preauth]
Jul 08 09:38:59 ubuntu-two sshd[2197]: pam_unix(sshd:auth): authentication failure; logname= uid=0 euid=0 tty=ssh ruser= rhost=218.28.133.53  user=root
Jul 08 09:39:01 ubuntu-two sshd[2197]: Failed password for root from 218.28.133.53 port 17750 ssh2
Jul 08 09:39:02 ubuntu-two sshd[2197]: Received disconnect from 218.28.133.53 port 17750:11: Bye Bye [preauth]
Jul 08 09:39:02 ubuntu-two sshd[2197]: Disconnected from authenticating user root 218.28.133.53 port 17750 [preauth]
Jul 08 09:39:02 ubuntu-two sshd[2199]: pam_unix(sshd:auth): authentication failure; logname= uid=0 euid=0 tty=ssh ruser= rhost=42.193.44.188  user=root
Jul 08 09:39:04 ubuntu-two sshd[2199]: Failed password for root from 42.193.44.188 port 52246 ssh2
Jul 08 09:39:06 ubuntu-two sshd[2199]: Received disconnect from 42.193.44.188 port 52246:11: Bye Bye [preauth]
Jul 08 09:39:06 ubuntu-two sshd[2199]: Disconnected from authenticating user root 42.193.44.188 port 52246 [preauth]
Jul 08 09:39:11 ubuntu-two sshd[2201]: Invalid user matheus from 180.76.105.165 port 54502
Jul 08 09:39:11 ubuntu-two sshd[2201]: pam_unix(sshd:auth): check pass; user unknown
Jul 08 09:39:11 ubuntu-two sshd[2201]: pam_unix(sshd:auth): authentication failure; logname= uid=0 euid=0 tty=ssh ruser= rhost=180.76.105.165
Jul 08 09:39:13 ubuntu-two sshd[2201]: Failed password for invalid user matheus from 180.76.105.165 port 54502 ssh2
Jul 08 09:39:14 ubuntu-two sshd[2201]: Received disconnect from 180.76.105.165 port 54502:11: Bye Bye [preauth]
Jul 08 09:39:14 ubuntu-two sshd[2201]: Disconnected from invalid user matheus 180.76.105.165 port 54502 [preauth]
Jul 08 09:39:19 ubuntu-two sshd[2203]: Invalid user informix from 159.65.152.65 port 56670
Jul 08 09:39:19 ubuntu-two sshd[2203]: pam_unix(sshd:auth): check pass; user unknown
Jul 08 09:39:19 ubuntu-two sshd[2203]: pam_unix(sshd:auth): authentication failure; logname= uid=0 euid=0 tty=ssh ruser= rhost=159.65.152.65
Jul 08 09:39:20 ubuntu-two sshd[2210]: pam_unix(sshd:auth): authentication failure; logname= uid=0 euid=0 tty=ssh ruser= rhost=165.22.50.136  user=root
Jul 08 09:39:21 ubuntu-two sshd[2203]: Failed password for invalid user informix from 159.65.152.65 port 56670 ssh2
Jul 08 09:39:22 ubuntu-two sshd[2208]: pam_unix(sshd:auth): authentication failure; logname= uid=0 euid=0 tty=ssh ruser= rhost=178.62.76.96  user=root
Jul 08 09:39:23 ubuntu-two sshd[2205]: pam_unix(sshd:auth): authentication failure; logname= uid=0 euid=0 tty=ssh ruser= rhost=98.143.148.45  user=root
Jul 08 09:39:23 ubuntu-two sshd[2210]: Failed password for root from 165.22.50.136 port 40674 ssh2
Jul 08 09:39:23 ubuntu-two sshd[2203]: Received disconnect from 159.65.152.65 port 56670:11: Bye Bye [preauth]
Jul 08 09:39:23 ubuntu-two sshd[2203]: Disconnected from invalid user informix 159.65.152.65 port 56670 [preauth]
Jul 08 09:39:23 ubuntu-two sshd[2210]: Received disconnect from 165.22.50.136 port 40674:11: Bye Bye [preauth]
Jul 08 09:39:23 ubuntu-two sshd[2210]: Disconnected from authenticating user root 165.22.50.136 port 40674 [preauth]
Jul 08 09:39:23 ubuntu-two sshd[2208]: Failed password for root from 178.62.76.96 port 58932 ssh2
Jul 08 09:39:24 ubuntu-two sshd[2205]: Failed password for root from 98.143.148.45 port 56228 ssh2
Jul 08 09:39:24 ubuntu-two sshd[2205]: Received disconnect from 98.143.148.45 port 56228:11: Bye Bye [preauth]
Jul 08 09:39:24 ubuntu-two sshd[2205]: Disconnected from authenticating user root 98.143.148.45 port 56228 [preauth]
Jul 08 09:39:25 ubuntu-two sshd[2208]: Received disconnect from 178.62.76.96 port 58932:11: Bye Bye [preauth]
Jul 08 09:39:25 ubuntu-two sshd[2208]: Disconnected from authenticating user root 178.62.76.96 port 58932 [preauth]
Jul 08 09:39:47 ubuntu-two sshd[2212]: pam_unix(sshd:auth): authentication failure; logname= uid=0 euid=0 tty=ssh ruser= rhost=180.76.105.165  user=root
Jul 08 09:39:49 ubuntu-two sshd[2212]: Failed password for root from 180.76.105.165 port 41656 ssh2
Jul 08 09:39:50 ubuntu-two sshd[2212]: Received disconnect from 180.76.105.165 port 41656:11: Bye Bye [preauth]
Jul 08 09:39:50 ubuntu-two sshd[2212]: Disconnected from authenticating user root 180.76.105.165 port 41656 [preauth]
Jul 08 09:40:21 ubuntu-two sshd[2214]: Invalid user ftp_user from 180.76.105.165 port 55824
Jul 08 09:40:21 ubuntu-two sshd[2214]: pam_unix(sshd:auth): check pass; user unknown
Jul 08 09:40:21 ubuntu-two sshd[2214]: pam_unix(sshd:auth): authentication failure; logname= uid=0 euid=0 tty=ssh ruser= rhost=180.76.105.165
Jul 08 09:40:23 ubuntu-two sshd[2214]: Failed password for invalid user ftp_user from 180.76.105.165 port 55824 ssh2
Jul 08 09:40:25 ubuntu-two sshd[2214]: Received disconnect from 180.76.105.165 port 55824:11: Bye Bye [preauth]
Jul 08 09:40:25 ubuntu-two sshd[2214]: Disconnected from invalid user ftp_user 180.76.105.165 port 55824 [preauth]
Jul 08 09:40:54 ubuntu-two sshd[2216]: pam_unix(sshd:auth): authentication failure; logname= uid=0 euid=0 tty=ssh ruser= rhost=106.13.1.98  user=root
Jul 08 09:40:55 ubuntu-two sshd[2216]: Failed password for root from 106.13.1.98 port 51654 ssh2
Jul 08 09:40:56 ubuntu-two sshd[2218]: Invalid user webmaster from 180.76.105.165 port 41612
Jul 08 09:40:56 ubuntu-two sshd[2218]: pam_unix(sshd:auth): check pass; user unknown
Jul 08 09:40:56 ubuntu-two sshd[2218]: pam_unix(sshd:auth): authentication failure; logname= uid=0 euid=0 tty=ssh ruser= rhost=180.76.105.165
Jul 08 09:40:56 ubuntu-two sshd[2216]: Received disconnect from 106.13.1.98 port 51654:11: Bye Bye [preauth]
Jul 08 09:40:56 ubuntu-two sshd[2216]: Disconnected from authenticating user root 106.13.1.98 port 51654 [preauth]
Jul 08 09:40:58 ubuntu-two sshd[2218]: Failed password for invalid user webmaster from 180.76.105.165 port 41612 ssh2
Jul 08 09:40:59 ubuntu-two sshd[2218]: Received disconnect from 180.76.105.165 port 41612:11: Bye Bye [preauth]
Jul 08 09:40:59 ubuntu-two sshd[2218]: Disconnected from invalid user webmaster 180.76.105.165 port 41612 [preauth]
Jul 08 09:41:02 ubuntu-two sshd[2220]: pam_unix(sshd:auth): authentication failure; logname= uid=0 euid=0 tty=ssh ruser= rhost=178.62.76.96  user=root
Jul 08 09:41:03 ubuntu-two sshd[2220]: Failed password for root from 178.62.76.96 port 54036 ssh2
Jul 08 09:41:04 ubuntu-two sshd[2220]: Received disconnect from 178.62.76.96 port 54036:11: Bye Bye [preauth]
Jul 08 09:41:04 ubuntu-two sshd[2220]: Disconnected from authenticating user root 178.62.76.96 port 54036 [preauth]
Jul 08 09:41:05 ubuntu-two sshd[2222]: pam_unix(sshd:auth): authentication failure; logname= uid=0 euid=0 tty=ssh ruser= rhost=117.50.100.158  user=root
Jul 08 09:41:07 ubuntu-two sshd[2222]: Failed password for root from 117.50.100.158 port 43120 ssh2
Jul 08 09:41:08 ubuntu-two sshd[2222]: Received disconnect from 117.50.100.158 port 43120:11: Bye Bye [preauth]
Jul 08 09:41:08 ubuntu-two sshd[2222]: Disconnected from authenticating user root 117.50.100.158 port 43120 [preauth]
Jul 08 09:41:11 ubuntu-two sshd[2224]: pam_unix(sshd:auth): authentication failure; logname= uid=0 euid=0 tty=ssh ruser= rhost=128.199.230.181  user=root
Jul 08 09:41:13 ubuntu-two sshd[2224]: Failed password for root from 128.199.230.181 port 50080 ssh2
Jul 08 09:41:14 ubuntu-two sshd[2224]: Received disconnect from 128.199.230.181 port 50080:11: Bye Bye [preauth]
Jul 08 09:41:14 ubuntu-two sshd[2224]: Disconnected from authenticating user root 128.199.230.181 port 50080 [preauth]
Jul 08 09:41:17 ubuntu-two sshd[2226]: pam_unix(sshd:auth): authentication failure; logname= uid=0 euid=0 tty=ssh ruser= rhost=218.28.133.53  user=root
Jul 08 09:41:18 ubuntu-two sshd[2226]: Failed password for root from 218.28.133.53 port 17752 ssh2
Jul 08 09:41:20 ubuntu-two sshd[2226]: Received disconnect from 218.28.133.53 port 17752:11: Bye Bye [preauth]
Jul 08 09:41:20 ubuntu-two sshd[2226]: Disconnected from authenticating user root 218.28.133.53 port 17752 [preauth]
Jul 08 09:41:22 ubuntu-two sshd[2228]: pam_unix(sshd:auth): authentication failure; logname= uid=0 euid=0 tty=ssh ruser= rhost=138.68.58.124  user=root
Jul 08 09:41:23 ubuntu-two sshd[2230]: Invalid user kiosk from 159.65.152.65 port 35270
Jul 08 09:41:23 ubuntu-two sshd[2230]: pam_unix(sshd:auth): check pass; user unknown
Jul 08 09:41:23 ubuntu-two sshd[2230]: pam_unix(sshd:auth): authentication failure; logname= uid=0 euid=0 tty=ssh ruser= rhost=159.65.152.65
Jul 08 09:41:24 ubuntu-two sshd[2230]: Failed password for invalid user kiosk from 159.65.152.65 port 35270 ssh2
Jul 08 09:41:24 ubuntu-two sshd[2228]: Failed password for root from 138.68.58.124 port 40352 ssh2
Jul 08 09:41:25 ubuntu-two sshd[2230]: Received disconnect from 159.65.152.65 port 35270:11: Bye Bye [preauth]
Jul 08 09:41:25 ubuntu-two sshd[2230]: Disconnected from invalid user kiosk 159.65.152.65 port 35270 [preauth]
Jul 08 09:41:25 ubuntu-two sshd[2228]: Received disconnect from 138.68.58.124 port 40352:11: Bye Bye [preauth]
Jul 08 09:41:25 ubuntu-two sshd[2228]: Disconnected from authenticating user root 138.68.58.124 port 40352 [preauth]
Jul 08 09:41:26 ubuntu-two sshd[2232]: pam_unix(sshd:auth): authentication failure; logname= uid=0 euid=0 tty=ssh ruser= rhost=180.76.105.165  user=root
Jul 08 09:41:28 ubuntu-two sshd[2232]: Failed password for root from 180.76.105.165 port 55542 ssh2
Jul 08 09:41:29 ubuntu-two sshd[2232]: Received disconnect from 180.76.105.165 port 55542:11: Bye Bye [preauth]
Jul 08 09:41:29 ubuntu-two sshd[2232]: Disconnected from authenticating user root 180.76.105.165 port 55542 [preauth]
Jul 08 09:41:33 ubuntu-two sshd[2236]: pam_unix(sshd:auth): authentication failure; logname= uid=0 euid=0 tty=ssh ruser= rhost=165.22.50.136  user=root
Jul 08 09:41:33 ubuntu-two sshd[2234]: pam_unix(sshd:auth): authentication failure; logname= uid=0 euid=0 tty=ssh ruser= rhost=42.193.44.188  user=root
Jul 08 09:41:35 ubuntu-two sshd[2236]: Failed password for root from 165.22.50.136 port 48714 ssh2
Jul 08 09:41:35 ubuntu-two sshd[2234]: Failed password for root from 42.193.44.188 port 57352 ssh2
Jul 08 09:41:36 ubuntu-two sshd[2236]: Received disconnect from 165.22.50.136 port 48714:11: Bye Bye [preauth]
Jul 08 09:41:36 ubuntu-two sshd[2236]: Disconnected from authenticating user root 165.22.50.136 port 48714 [preauth]
Jul 08 09:41:36 ubuntu-two sshd[2234]: Received disconnect from 42.193.44.188 port 57352:11: Bye Bye [preauth]
Jul 08 09:41:36 ubuntu-two sshd[2234]: Disconnected from authenticating user root 42.193.44.188 port 57352 [preauth]
Jul 08 09:41:57 ubuntu-two sshd[2238]: Invalid user ftpuser from 180.76.105.165 port 39274
Jul 08 09:41:57 ubuntu-two sshd[2238]: pam_unix(sshd:auth): check pass; user unknown
Jul 08 09:41:57 ubuntu-two sshd[2238]: pam_unix(sshd:auth): authentication failure; logname= uid=0 euid=0 tty=ssh ruser= rhost=180.76.105.165
Jul 08 09:41:58 ubuntu-two sshd[2240]: pam_unix(sshd:auth): authentication failure; logname= uid=0 euid=0 tty=ssh ruser= rhost=98.143.148.45  user=root
Jul 08 09:41:59 ubuntu-two sshd[2238]: Failed password for invalid user ftpuser from 180.76.105.165 port 39274 ssh2
Jul 08 09:42:01 ubuntu-two sshd[2240]: Failed password for root from 98.143.148.45 port 60420 ssh2
Jul 08 09:42:01 ubuntu-two sshd[2240]: Received disconnect from 98.143.148.45 port 60420:11: Bye Bye [preauth]
Jul 08 09:42:01 ubuntu-two sshd[2240]: Disconnected from authenticating user root 98.143.148.45 port 60420 [preauth]
Jul 08 09:42:02 ubuntu-two sshd[2238]: Received disconnect from 180.76.105.165 port 39274:11: Bye Bye [preauth]
Jul 08 09:42:02 ubuntu-two sshd[2238]: Disconnected from invalid user ftpuser 180.76.105.165 port 39274 [preauth]
Jul 08 09:42:27 ubuntu-two sshd[2243]: Invalid user bbb from 180.76.105.165 port 53640
Jul 08 09:42:27 ubuntu-two sshd[2243]: pam_unix(sshd:auth): check pass; user unknown
Jul 08 09:42:27 ubuntu-two sshd[2243]: pam_unix(sshd:auth): authentication failure; logname= uid=0 euid=0 tty=ssh ruser= rhost=180.76.105.165
Jul 08 09:42:29 ubuntu-two sshd[2243]: Failed password for invalid user bbb from 180.76.105.165 port 53640 ssh2
Jul 08 09:42:31 ubuntu-two sshd[2243]: Received disconnect from 180.76.105.165 port 53640:11: Bye Bye [preauth]
Jul 08 09:42:31 ubuntu-two sshd[2243]: Disconnected from invalid user bbb 180.76.105.165 port 53640 [preauth]
Jul 08 09:42:38 ubuntu-two sshd[2247]: pam_unix(sshd:auth): authentication failure; logname= uid=0 euid=0 tty=ssh ruser= rhost=178.62.76.96  user=root
Jul 08 09:42:39 ubuntu-two sshd[2247]: Failed password for root from 178.62.76.96 port 49154 ssh2
Jul 08 09:42:41 ubuntu-two sshd[2247]: Received disconnect from 178.62.76.96 port 49154:11: Bye Bye [preauth]
Jul 08 09:42:41 ubuntu-two sshd[2247]: Disconnected from authenticating user root 178.62.76.96 port 49154 [preauth]
Jul 08 09:43:00 ubuntu-two sshd[2249]: Invalid user tmp from 180.76.105.165 port 38948
Jul 08 09:43:00 ubuntu-two sshd[2249]: pam_unix(sshd:auth): check pass; user unknown
Jul 08 09:43:00 ubuntu-two sshd[2249]: pam_unix(sshd:auth): authentication failure; logname= uid=0 euid=0 tty=ssh ruser= rhost=180.76.105.165
Jul 08 09:43:02 ubuntu-two sshd[2249]: Failed password for invalid user tmp from 180.76.105.165 port 38948 ssh2
Jul 08 09:43:02 ubuntu-two sshd[2249]: Received disconnect from 180.76.105.165 port 38948:11: Bye Bye [preauth]
Jul 08 09:43:02 ubuntu-two sshd[2249]: Disconnected from invalid user tmp 180.76.105.165 port 38948 [preauth]
Jul 08 09:43:02 ubuntu-two sshd[2245]: pam_unix(sshd:auth): authentication failure; logname= uid=0 euid=0 tty=ssh ruser= rhost=194.5.235.110  user=root
Jul 08 09:43:03 ubuntu-two sshd[2251]: pam_unix(sshd:auth): authentication failure; logname= uid=0 euid=0 tty=ssh ruser= rhost=106.13.1.98  user=root
Jul 08 09:43:04 ubuntu-two sshd[2245]: Failed password for root from 194.5.235.110 port 50524 ssh2
Jul 08 09:43:05 ubuntu-two sshd[2251]: Failed password for root from 106.13.1.98 port 56004 ssh2
Jul 08 09:43:05 ubuntu-two sshd[2245]: Received disconnect from 194.5.235.110 port 50524:11: Bye Bye [preauth]
Jul 08 09:43:05 ubuntu-two sshd[2245]: Disconnected from authenticating user root 194.5.235.110 port 50524 [preauth]
Jul 08 09:43:06 ubuntu-two sshd[2251]: Received disconnect from 106.13.1.98 port 56004:11: Bye Bye [preauth]
Jul 08 09:43:06 ubuntu-two sshd[2251]: Disconnected from authenticating user root 106.13.1.98 port 56004 [preauth]
Jul 08 09:43:27 ubuntu-two sshd[2253]: Invalid user git from 159.65.152.65 port 42972
Jul 08 09:43:27 ubuntu-two sshd[2253]: pam_unix(sshd:auth): check pass; user unknown
Jul 08 09:43:27 ubuntu-two sshd[2253]: pam_unix(sshd:auth): authentication failure; logname= uid=0 euid=0 tty=ssh ruser= rhost=159.65.152.65
Jul 08 09:43:29 ubuntu-two sshd[2253]: Failed password for invalid user git from 159.65.152.65 port 42972 ssh2
Jul 08 09:43:30 ubuntu-two sshd[2255]: pam_unix(sshd:auth): authentication failure; logname= uid=0 euid=0 tty=ssh ruser= rhost=218.28.133.53  user=root
Jul 08 09:43:30 ubuntu-two sshd[2253]: Received disconnect from 159.65.152.65 port 42972:11: Bye Bye [preauth]
Jul 08 09:43:30 ubuntu-two sshd[2253]: Disconnected from invalid user git 159.65.152.65 port 42972 [preauth]
Jul 08 09:43:31 ubuntu-two sshd[2255]: Failed password for root from 218.28.133.53 port 17754 ssh2
Jul 08 09:43:33 ubuntu-two sshd[2255]: Received disconnect from 218.28.133.53 port 17754:11: Bye Bye [preauth]
Jul 08 09:43:33 ubuntu-two sshd[2255]: Disconnected from authenticating user root 218.28.133.53 port 17754 [preauth]
Jul 08 09:43:33 ubuntu-two sshd[2257]: pam_unix(sshd:auth): authentication failure; logname= uid=0 euid=0 tty=ssh ruser= rhost=128.199.230.181  user=root
Jul 08 09:43:35 ubuntu-two sshd[2259]: pam_unix(sshd:auth): authentication failure; logname= uid=0 euid=0 tty=ssh ruser= rhost=180.76.105.165  user=root
Jul 08 09:43:35 ubuntu-two sshd[2257]: Failed password for root from 128.199.230.181 port 34220 ssh2
Jul 08 09:43:36 ubuntu-two sshd[2257]: Received disconnect from 128.199.230.181 port 34220:11: Bye Bye [preauth]
Jul 08 09:43:36 ubuntu-two sshd[2257]: Disconnected from authenticating user root 128.199.230.181 port 34220 [preauth]
Jul 08 09:43:36 ubuntu-two sshd[2259]: Failed password for root from 180.76.105.165 port 53156 ssh2
Jul 08 09:43:38 ubuntu-two sshd[2259]: Received disconnect from 180.76.105.165 port 53156:11: Bye Bye [preauth]
Jul 08 09:43:38 ubuntu-two sshd[2259]: Disconnected from authenticating user root 180.76.105.165 port 53156 [preauth]
Jul 08 09:43:45 ubuntu-two sshd[2261]: pam_unix(sshd:auth): authentication failure; logname= uid=0 euid=0 tty=ssh ruser= rhost=165.22.50.136  user=root
Jul 08 09:43:47 ubuntu-two sshd[2261]: Failed password for root from 165.22.50.136 port 56754 ssh2
Jul 08 09:43:48 ubuntu-two sshd[2261]: Received disconnect from 165.22.50.136 port 56754:11: Bye Bye [preauth]
Jul 08 09:43:48 ubuntu-two sshd[2261]: Disconnected from authenticating user root 165.22.50.136 port 56754 [preauth]
Jul 08 09:43:55 ubuntu-two sshd[2263]: pam_unix(sshd:auth): authentication failure; logname= uid=0 euid=0 tty=ssh ruser= rhost=138.68.58.124  user=root
Jul 08 09:43:57 ubuntu-two sshd[2263]: Failed password for root from 138.68.58.124 port 49896 ssh2
Jul 08 09:43:58 ubuntu-two sshd[2263]: Received disconnect from 138.68.58.124 port 49896:11: Bye Bye [preauth]
Jul 08 09:43:58 ubuntu-two sshd[2263]: Disconnected from authenticating user root 138.68.58.124 port 49896 [preauth]
Jul 08 09:44:20 ubuntu-two sshd[2265]: pam_unix(sshd:auth): authentication failure; logname= uid=0 euid=0 tty=ssh ruser= rhost=178.62.76.96  user=root
Jul 08 09:44:22 ubuntu-two sshd[2265]: Failed password for root from 178.62.76.96 port 44264 ssh2
Jul 08 09:44:23 ubuntu-two sshd[2265]: Received disconnect from 178.62.76.96 port 44264:11: Bye Bye [preauth]
Jul 08 09:44:23 ubuntu-two sshd[2265]: Disconnected from authenticating user root 178.62.76.96 port 44264 [preauth]
Jul 08 09:44:33 ubuntu-two sshd[2268]: pam_unix(sshd:auth): authentication failure; logname= uid=0 euid=0 tty=ssh ruser= rhost=98.143.148.45  user=root
Jul 08 09:44:35 ubuntu-two sshd[2268]: Failed password for root from 98.143.148.45 port 36386 ssh2
Jul 08 09:44:36 ubuntu-two sshd[2268]: Received disconnect from 98.143.148.45 port 36386:11: Bye Bye [preauth]
Jul 08 09:44:36 ubuntu-two sshd[2268]: Disconnected from authenticating user root 98.143.148.45 port 36386 [preauth]
Jul 08 09:45:07 ubuntu-two sshd[2270]: Accepted password for root from 89.155.168.10 port 56943 ssh2
Jul 08 09:45:07 ubuntu-two sshd[2270]: pam_unix(sshd:session): session opened for user root by (uid=0)
Jul 08 09:45:07 ubuntu-two systemd[1]: Created slice User Slice of UID 0.
Jul 08 09:45:07 ubuntu-two systemd[1]: Starting User Runtime Directory /run/user/0...
Jul 08 09:45:07 ubuntu-two systemd-logind[788]: New session 6 of user root.
Jul 08 09:45:07 ubuntu-two systemd[1]: Finished User Runtime Directory /run/user/0.
Jul 08 09:45:07 ubuntu-two systemd[1]: Starting User Manager for UID 0...
Jul 08 09:45:07 ubuntu-two systemd[2283]: pam_unix(systemd-user:session): session opened for user root by (uid=0)
Jul 08 09:45:07 ubuntu-two systemd[2283]: Reached target Paths.
Jul 08 09:45:07 ubuntu-two systemd[2283]: Reached target Timers.
Jul 08 09:45:07 ubuntu-two systemd[2283]: Starting D-Bus User Message Bus Socket.
Jul 08 09:45:07 ubuntu-two systemd[2283]: Listening on GnuPG network certificate management daemon.
Jul 08 09:45:07 ubuntu-two systemd[2283]: Listening on GnuPG cryptographic agent and passphrase cache (access for web browsers).
Jul 08 09:45:07 ubuntu-two systemd[2283]: Listening on GnuPG cryptographic agent and passphrase cache (restricted).
Jul 08 09:45:07 ubuntu-two systemd[2283]: Listening on GnuPG cryptographic agent (ssh-agent emulation).
Jul 08 09:45:07 ubuntu-two systemd[2283]: Listening on GnuPG cryptographic agent and passphrase cache.
Jul 08 09:45:07 ubuntu-two systemd[2283]: Listening on debconf communication socket.
Jul 08 09:45:07 ubuntu-two systemd[2283]: Listening on REST API socket for snapd user session agent.
Jul 08 09:45:07 ubuntu-two systemd[2283]: Listening on D-Bus User Message Bus Socket.
Jul 08 09:45:07 ubuntu-two systemd[2283]: Reached target Sockets.
Jul 08 09:45:07 ubuntu-two systemd[2283]: Reached target Basic System.
Jul 08 09:45:07 ubuntu-two systemd[2283]: Reached target Main User Target.
Jul 08 09:45:07 ubuntu-two systemd[2283]: Startup finished in 66ms.
Jul 08 09:45:07 ubuntu-two systemd[1]: Started User Manager for UID 0.
Jul 08 09:45:07 ubuntu-two systemd[1]: Started Session 6 of user root.
Jul 08 09:45:24 ubuntu-two sshd[2411]: pam_unix(sshd:auth): authentication failure; logname= uid=0 euid=0 tty=ssh ruser= rhost=106.13.1.98  user=root
Jul 08 09:45:27 ubuntu-two sshd[2411]: Failed password for root from 106.13.1.98 port 60374 ssh2
Jul 08 09:45:28 ubuntu-two sshd[2411]: Received disconnect from 106.13.1.98 port 60374:11: Bye Bye [preauth]
Jul 08 09:45:28 ubuntu-two sshd[2411]: Disconnected from authenticating user root 106.13.1.98 port 60374 [preauth]
Jul 08 09:45:43 ubuntu-two sshd[2433]: Invalid user user1 from 159.65.152.65 port 50344
Jul 08 09:45:43 ubuntu-two sshd[2433]: pam_unix(sshd:auth): check pass; user unknown
Jul 08 09:45:43 ubuntu-two sshd[2433]: pam_unix(sshd:auth): authentication failure; logname= uid=0 euid=0 tty=ssh ruser= rhost=159.65.152.65
Jul 08 09:45:45 ubuntu-two sshd[2433]: Failed password for invalid user user1 from 159.65.152.65 port 50344 ssh2
Jul 08 09:45:46 ubuntu-two sshd[2433]: Received disconnect from 159.65.152.65 port 50344:11: Bye Bye [preauth]
Jul 08 09:45:46 ubuntu-two sshd[2433]: Disconnected from invalid user user1 159.65.152.65 port 50344 [preauth]
Jul 08 09:45:50 ubuntu-two sshd[2450]: pam_unix(sshd:auth): authentication failure; logname= uid=0 euid=0 tty=ssh ruser= rhost=218.28.133.53  user=root
Jul 08 09:45:52 ubuntu-two sshd[2450]: Failed password for root from 218.28.133.53 port 17756 ssh2
Jul 08 09:45:53 ubuntu-two sshd[2450]: Received disconnect from 218.28.133.53 port 17756:11: Bye Bye [preauth]
Jul 08 09:45:53 ubuntu-two sshd[2450]: Disconnected from authenticating user root 218.28.133.53 port 17756 [preauth]
Jul 08 09:46:02 ubuntu-two sshd[2452]: pam_unix(sshd:auth): authentication failure; logname= uid=0 euid=0 tty=ssh ruser= rhost=178.62.76.96  user=root
Jul 08 09:46:02 ubuntu-two sshd[2454]: pam_unix(sshd:auth): authentication failure; logname= uid=0 euid=0 tty=ssh ruser= rhost=165.22.50.136  user=root
Jul 08 09:46:02 ubuntu-two sshd[2456]: pam_unix(sshd:auth): authentication failure; logname= uid=0 euid=0 tty=ssh ruser= rhost=128.199.230.181  user=root
Jul 08 09:46:04 ubuntu-two sshd[2452]: Failed password for root from 178.62.76.96 port 39378 ssh2
Jul 08 09:46:04 ubuntu-two sshd[2454]: Failed password for root from 165.22.50.136 port 36562 ssh2
Jul 08 09:46:04 ubuntu-two sshd[2456]: Failed password for root from 128.199.230.181 port 46824 ssh2
Jul 08 09:46:04 ubuntu-two sshd[2452]: Received disconnect from 178.62.76.96 port 39378:11: Bye Bye [preauth]
Jul 08 09:46:04 ubuntu-two sshd[2452]: Disconnected from authenticating user root 178.62.76.96 port 39378 [preauth]
Jul 08 09:46:05 ubuntu-two sshd[2454]: Received disconnect from 165.22.50.136 port 36562:11: Bye Bye [preauth]
Jul 08 09:46:05 ubuntu-two sshd[2454]: Disconnected from authenticating user root 165.22.50.136 port 36562 [preauth]
Jul 08 09:46:05 ubuntu-two sshd[2456]: Received disconnect from 128.199.230.181 port 46824:11: Bye Bye [preauth]
Jul 08 09:46:05 ubuntu-two sshd[2456]: Disconnected from authenticating user root 128.199.230.181 port 46824 [preauth]
Jul 08 09:46:21 ubuntu-two systemd[1]: Stopping OpenBSD Secure Shell server...
Jul 08 09:46:21 ubuntu-two sshd[1340]: Received signal 15; terminating.
Jul 08 09:46:21 ubuntu-two systemd[1]: ssh.service: Succeeded.
Jul 08 09:46:21 ubuntu-two systemd[1]: Stopped OpenBSD Secure Shell server.
Jul 08 09:46:21 ubuntu-two systemd[1]: Starting OpenBSD Secure Shell server...
Jul 08 09:46:21 ubuntu-two sshd[2476]: Server listening on 0.0.0.0 port 22.
Jul 08 09:46:21 ubuntu-two sshd[2476]: Server listening on :: port 22.
Jul 08 09:46:21 ubuntu-two systemd[1]: Started OpenBSD Secure Shell server.
Jul 08 09:46:25 ubuntu-two systemd[1]: Stopping OpenBSD Secure Shell server...
Jul 08 09:46:25 ubuntu-two sshd[2476]: Received signal 15; terminating.
Jul 08 09:46:25 ubuntu-two systemd[1]: ssh.service: Succeeded.
Jul 08 09:46:25 ubuntu-two systemd[1]: Stopped OpenBSD Secure Shell server.
Jul 08 09:46:25 ubuntu-two systemd[1]: Starting OpenBSD Secure Shell server...
Jul 08 09:46:25 ubuntu-two sshd[2504]: Server listening on 0.0.0.0 port 22.
Jul 08 09:46:25 ubuntu-two sshd[2504]: Server listening on :: port 22.
Jul 08 09:46:25 ubuntu-two systemd[1]: Started OpenBSD Secure Shell server.
Jul 08 09:46:33 ubuntu-two sshd[2538]: pam_unix(sshd:auth): authentication failure; logname= uid=0 euid=0 tty=ssh ruser= rhost=138.68.58.124  user=root
Jul 08 09:46:35 ubuntu-two sshd[2538]: Failed password for root from 138.68.58.124 port 59446 ssh2
Jul 08 09:46:36 ubuntu-two sshd[2538]: Received disconnect from 138.68.58.124 port 59446:11: Bye Bye [preauth]
Jul 08 09:46:36 ubuntu-two sshd[2538]: Disconnected from authenticating user root 138.68.58.124 port 59446 [preauth]
Jul 08 09:46:45 ubuntu-two sshd[2560]: pam_unix(sshd:auth): authentication failure; logname= uid=0 euid=0 tty=ssh ruser= rhost=42.193.44.188  user=root
Jul 08 09:46:47 ubuntu-two sshd[2560]: Failed password for root from 42.193.44.188 port 39330 ssh2
Jul 08 09:46:48 ubuntu-two sshd[2560]: Received disconnect from 42.193.44.188 port 39330:11: Bye Bye [preauth]
Jul 08 09:46:48 ubuntu-two sshd[2560]: Disconnected from authenticating user root 42.193.44.188 port 39330 [preauth]
Jul 08 09:46:48 ubuntu-two sshd[2562]: pam_unix(sshd:auth): authentication failure; logname= uid=0 euid=0 tty=ssh ruser= rhost=117.50.100.158  user=root
Jul 08 09:46:49 ubuntu-two sshd[2562]: Failed password for root from 117.50.100.158 port 52784 ssh2
Jul 08 09:46:50 ubuntu-two sshd[2562]: Received disconnect from 117.50.100.158 port 52784:11: Bye Bye [preauth]
Jul 08 09:46:50 ubuntu-two sshd[2562]: Disconnected from authenticating user root 117.50.100.158 port 52784 [preauth]
Jul 08 09:47:02 ubuntu-two sshd[2582]: pam_unix(sshd:auth): authentication failure; logname= uid=0 euid=0 tty=ssh ruser= rhost=98.143.148.45  user=root
Jul 08 09:47:03 ubuntu-two sshd[2582]: Failed password for root from 98.143.148.45 port 40588 ssh2
Jul 08 09:47:05 ubuntu-two sshd[2582]: Received disconnect from 98.143.148.45 port 40588:11: Bye Bye [preauth]
Jul 08 09:47:05 ubuntu-two sshd[2582]: Disconnected from authenticating user root 98.143.148.45 port 40588 [preauth]
Jul 08 09:47:17 ubuntu-two sshd[2603]: pam_unix(sshd:auth): authentication failure; logname= uid=0 euid=0 tty=ssh ruser= rhost=18.27.197.252  user=root
Jul 08 09:47:19 ubuntu-two sshd[2603]: Failed password for root from 18.27.197.252 port 44100 ssh2
Jul 08 09:47:20 ubuntu-two sshd[2603]: Connection closed by authenticating user root 18.27.197.252 port 44100 [preauth]
Jul 08 09:47:40 ubuntu-two sshd[2627]: pam_unix(sshd:auth): authentication failure; logname= uid=0 euid=0 tty=ssh ruser= rhost=178.62.76.96  user=root
Jul 08 09:47:43 ubuntu-two sshd[2627]: Failed password for root from 178.62.76.96 port 34486 ssh2
Jul 08 09:47:43 ubuntu-two sshd[2627]: Received disconnect from 178.62.76.96 port 34486:11: Bye Bye [preauth]
Jul 08 09:47:43 ubuntu-two sshd[2627]: Disconnected from authenticating user root 178.62.76.96 port 34486 [preauth]
Jul 08 09:47:51 ubuntu-two sshd[2631]: pam_unix(sshd:auth): authentication failure; logname= uid=0 euid=0 tty=ssh ruser= rhost=106.13.1.98  user=root
Jul 08 09:47:54 ubuntu-two sshd[2631]: Failed password for root from 106.13.1.98 port 36498 ssh2
Jul 08 09:47:55 ubuntu-two sshd[2631]: Received disconnect from 106.13.1.98 port 36498:11: Bye Bye [preauth]
Jul 08 09:47:55 ubuntu-two sshd[2631]: Disconnected from authenticating user root 106.13.1.98 port 36498 [preauth]
Jul 08 09:47:55 ubuntu-two sshd[2629]: Connection reset by authenticating user root 89.155.168.10 port 56829 [preauth]
Jul 08 09:47:55 ubuntu-two sshd[2633]: Invalid user admin from 159.65.152.65 port 57646
Jul 08 09:47:55 ubuntu-two sshd[2633]: pam_unix(sshd:auth): check pass; user unknown
Jul 08 09:47:55 ubuntu-two sshd[2633]: pam_unix(sshd:auth): authentication failure; logname= uid=0 euid=0 tty=ssh ruser= rhost=159.65.152.65
Jul 08 09:47:57 ubuntu-two sshd[2633]: Failed password for invalid user admin from 159.65.152.65 port 57646 ssh2
Jul 08 09:47:57 ubuntu-two sshd[2633]: Received disconnect from 159.65.152.65 port 57646:11: Bye Bye [preauth]
Jul 08 09:47:57 ubuntu-two sshd[2633]: Disconnected from invalid user admin 159.65.152.65 port 57646 [preauth]
Jul 08 09:48:01 ubuntu-two sshd[2636]: pam_unix(sshd:auth): authentication failure; logname= uid=0 euid=0 tty=ssh ruser= rhost=218.28.133.53  user=root
Jul 08 09:48:03 ubuntu-two sshd[2636]: Failed password for root from 218.28.133.53 port 17758 ssh2
Jul 08 09:48:04 ubuntu-two sshd[2636]: Received disconnect from 218.28.133.53 port 17758:11: Bye Bye [preauth]
Jul 08 09:48:04 ubuntu-two sshd[2636]: Disconnected from authenticating user root 218.28.133.53 port 17758 [preauth]
Jul 08 09:48:17 ubuntu-two sshd[2646]: pam_unix(sshd:auth): authentication failure; logname= uid=0 euid=0 tty=ssh ruser= rhost=165.22.50.136  user=root
Jul 08 09:48:19 ubuntu-two sshd[2646]: Failed password for root from 165.22.50.136 port 44602 ssh2
Jul 08 09:48:20 ubuntu-two sshd[2646]: Received disconnect from 165.22.50.136 port 44602:11: Bye Bye [preauth]
Jul 08 09:48:20 ubuntu-two sshd[2646]: Disconnected from authenticating user root 165.22.50.136 port 44602 [preauth]
Jul 08 09:48:23 ubuntu-two sshd[2648]: pam_unix(sshd:auth): authentication failure; logname= uid=0 euid=0 tty=ssh ruser= rhost=128.199.230.181  user=root
Jul 08 09:48:25 ubuntu-two sshd[2648]: Failed password for root from 128.199.230.181 port 59690 ssh2
Jul 08 09:48:26 ubuntu-two sshd[2648]: Received disconnect from 128.199.230.181 port 59690:11: Bye Bye [preauth]
Jul 08 09:48:26 ubuntu-two sshd[2648]: Disconnected from authenticating user root 128.199.230.181 port 59690 [preauth]
Jul 08 09:48:42 ubuntu-two sshd[2504]: Received signal 15; terminating.
Jul 08 09:48:42 ubuntu-two systemd[1]: Stopping OpenBSD Secure Shell server...
Jul 08 09:48:42 ubuntu-two systemd[1]: ssh.service: Succeeded.
Jul 08 09:48:42 ubuntu-two systemd[1]: Stopped OpenBSD Secure Shell server.
Jul 08 09:48:42 ubuntu-two systemd[1]: Starting OpenBSD Secure Shell server...
Jul 08 09:48:42 ubuntu-two sshd[2680]: Server listening on 0.0.0.0 port 22.
Jul 08 09:48:42 ubuntu-two sshd[2680]: Server listening on :: port 22.
Jul 08 09:48:42 ubuntu-two systemd[1]: Started OpenBSD Secure Shell server.
Jul 08 09:48:44 ubuntu-two sshd[2688]: Received disconnect from 194.5.235.110 port 49908:11: Bye Bye [preauth]
Jul 08 09:48:44 ubuntu-two sshd[2688]: Disconnected from authenticating user root 194.5.235.110 port 49908 [preauth]
Jul 08 09:48:46 ubuntu-two systemd[1]: Stopping OpenBSD Secure Shell server...
Jul 08 09:48:46 ubuntu-two sshd[2680]: Received signal 15; terminating.
Jul 08 09:48:46 ubuntu-two systemd[1]: ssh.service: Succeeded.
Jul 08 09:48:46 ubuntu-two systemd[1]: Stopped OpenBSD Secure Shell server.
Jul 08 09:48:46 ubuntu-two systemd[1]: Starting OpenBSD Secure Shell server...
Jul 08 09:48:46 ubuntu-two sshd[2695]: Server listening on 0.0.0.0 port 22.
Jul 08 09:48:46 ubuntu-two sshd[2695]: Server listening on :: port 22.
Jul 08 09:48:46 ubuntu-two systemd[1]: Started OpenBSD Secure Shell server.
Jul 08 09:49:00 ubuntu-two sshd[2709]: Accepted publickey for root from 89.155.168.10 port 61883 ssh2: ED25519 SHA256:HF2gDbk9G32bBlKAp64sqSbQMEjdXfIJLLvbOEO+Uo4
Jul 08 09:49:00 ubuntu-two sshd[2709]: pam_unix(sshd:session): session opened for user root by (uid=0)
Jul 08 09:49:00 ubuntu-two systemd-logind[788]: New session 8 of user root.
Jul 08 09:49:01 ubuntu-two systemd[1]: Started Session 8 of user root.
Jul 08 09:49:11 ubuntu-two sshd[2270]: Received disconnect from 89.155.168.10 port 56943:11: disconnected by user
Jul 08 09:49:11 ubuntu-two sshd[2270]: Disconnected from user root 89.155.168.10 port 56943
Jul 08 09:49:11 ubuntu-two sshd[2270]: pam_unix(sshd:session): session closed for user root
Jul 08 09:49:11 ubuntu-two systemd[1]: session-6.scope: Succeeded.
Jul 08 09:49:11 ubuntu-two systemd-logind[788]: Session 6 logged out. Waiting for processes to exit.
Jul 08 09:49:11 ubuntu-two systemd-logind[788]: Removed session 6.
Jul 08 09:49:13 ubuntu-two sshd[2709]: Received disconnect from 89.155.168.10 port 61883:11: disconnected by user
Jul 08 09:49:13 ubuntu-two sshd[2709]: Disconnected from user root 89.155.168.10 port 61883
Jul 08 09:49:13 ubuntu-two sshd[2709]: pam_unix(sshd:session): session closed for user root
Jul 08 09:49:13 ubuntu-two systemd[1]: session-8.scope: Succeeded.
Jul 08 09:49:13 ubuntu-two systemd-logind[788]: Session 8 logged out. Waiting for processes to exit.
Jul 08 09:49:13 ubuntu-two systemd-logind[788]: Removed session 8.
Jul 08 09:49:14 ubuntu-two sshd[2817]: Received disconnect from 138.68.58.124 port 40766:11: Bye Bye [preauth]
Jul 08 09:49:14 ubuntu-two sshd[2817]: Disconnected from authenticating user root 138.68.58.124 port 40766 [preauth]
Jul 08 09:49:24 ubuntu-two systemd[1]: Stopping User Manager for UID 0...
Jul 08 09:49:24 ubuntu-two systemd[2283]: Stopped target Main User Target.
Jul 08 09:49:24 ubuntu-two systemd[2283]: Stopped target Basic System.
Jul 08 09:49:24 ubuntu-two systemd[2283]: Stopped target Paths.
Jul 08 09:49:24 ubuntu-two systemd[2283]: Stopped target Sockets.
Jul 08 09:49:24 ubuntu-two systemd[2283]: Stopped target Timers.
Jul 08 09:49:24 ubuntu-two systemd[2283]: dbus.socket: Succeeded.
Jul 08 09:49:24 ubuntu-two systemd[2283]: Closed D-Bus User Message Bus Socket.
Jul 08 09:49:24 ubuntu-two systemd[2283]: dirmngr.socket: Succeeded.
Jul 08 09:49:24 ubuntu-two systemd[2283]: Closed GnuPG network certificate management daemon.
Jul 08 09:49:24 ubuntu-two systemd[2283]: gpg-agent-browser.socket: Succeeded.
Jul 08 09:49:24 ubuntu-two systemd[2283]: Closed GnuPG cryptographic agent and passphrase cache (access for web browsers).
Jul 08 09:49:24 ubuntu-two systemd[2283]: gpg-agent-extra.socket: Succeeded.
Jul 08 09:49:24 ubuntu-two systemd[2283]: Closed GnuPG cryptographic agent and passphrase cache (restricted).
Jul 08 09:49:24 ubuntu-two systemd[2283]: gpg-agent-ssh.socket: Succeeded.
Jul 08 09:49:24 ubuntu-two systemd[2283]: Closed GnuPG cryptographic agent (ssh-agent emulation).
Jul 08 09:49:24 ubuntu-two systemd[2283]: gpg-agent.socket: Succeeded.
Jul 08 09:49:24 ubuntu-two systemd[2283]: Closed GnuPG cryptographic agent and passphrase cache.
Jul 08 09:49:24 ubuntu-two systemd[2283]: pk-debconf-helper.socket: Succeeded.
Jul 08 09:49:24 ubuntu-two systemd[2283]: Closed debconf communication socket.
Jul 08 09:49:24 ubuntu-two systemd[2283]: snapd.session-agent.socket: Succeeded.
Jul 08 09:49:24 ubuntu-two systemd[2283]: Closed REST API socket for snapd user session agent.
Jul 08 09:49:24 ubuntu-two systemd[2283]: Reached target Shutdown.
Jul 08 09:49:24 ubuntu-two systemd[2283]: systemd-exit.service: Succeeded.
Jul 08 09:49:24 ubuntu-two systemd[2283]: Finished Exit the Session.
Jul 08 09:49:24 ubuntu-two systemd[2283]: Reached target Exit the Session.
Jul 08 09:49:24 ubuntu-two systemd[1]: user@0.service: Succeeded.
Jul 08 09:49:24 ubuntu-two systemd[1]: Stopped User Manager for UID 0.
Jul 08 09:49:24 ubuntu-two systemd[1]: Stopping User Runtime Directory /run/user/0...
Jul 08 09:49:24 ubuntu-two systemd[1]: run-user-0.mount: Succeeded.
Jul 08 09:49:24 ubuntu-two systemd[1]: user-runtime-dir@0.service: Succeeded.
Jul 08 09:49:24 ubuntu-two systemd[1]: Stopped User Runtime Directory /run/user/0.
Jul 08 09:49:24 ubuntu-two systemd[1]: Removed slice User Slice of UID 0.
Jul 08 09:49:24 ubuntu-two sshd[2836]: Received disconnect from 178.62.76.96 port 57824:11: Bye Bye [preauth]
Jul 08 09:49:24 ubuntu-two sshd[2836]: Disconnected from authenticating user root 178.62.76.96 port 57824 [preauth]
Jul 08 09:49:28 ubuntu-two sshd[2859]: Received disconnect from 42.193.44.188 port 44438:11: Bye Bye [preauth]
Jul 08 09:49:28 ubuntu-two sshd[2859]: Disconnected from authenticating user root 42.193.44.188 port 44438 [preauth]
Jul 08 09:49:31 ubuntu-two sshd[2861]: Received disconnect from 98.143.148.45 port 44770:11: Bye Bye [preauth]
Jul 08 09:49:31 ubuntu-two sshd[2861]: Disconnected from authenticating user root 98.143.148.45 port 44770 [preauth]
Jul 08 09:49:40 ubuntu-two sshd[2863]: Received disconnect from 117.50.100.158 port 57616:11: Bye Bye [preauth]
Jul 08 09:49:40 ubuntu-two sshd[2863]: Disconnected from authenticating user root 117.50.100.158 port 57616 [preauth]
Jul 08 09:50:03 ubuntu-two sshd[2865]: Invalid user ubuntu from 159.65.152.65 port 36928
Jul 08 09:50:03 ubuntu-two sshd[2865]: Received disconnect from 159.65.152.65 port 36928:11: Bye Bye [preauth]
Jul 08 09:50:03 ubuntu-two sshd[2865]: Disconnected from invalid user ubuntu 159.65.152.65 port 36928 [preauth]
Jul 08 09:50:08 ubuntu-two sshd[2867]: Received disconnect from 106.13.1.98 port 40856:11: Bye Bye [preauth]
Jul 08 09:50:08 ubuntu-two sshd[2867]: Disconnected from authenticating user root 106.13.1.98 port 40856 [preauth]
Jul 08 09:50:16 ubuntu-two sshd[2869]: Received disconnect from 218.28.133.53 port 17760:11: Bye Bye [preauth]
Jul 08 09:50:16 ubuntu-two sshd[2869]: Disconnected from authenticating user root 218.28.133.53 port 17760 [preauth]
Jul 08 09:50:34 ubuntu-two sshd[2871]: Connection closed by authenticating user root 167.71.35.9 port 38552 [preauth]
Jul 08 09:50:41 ubuntu-two sshd[2873]: Received disconnect from 165.22.50.136 port 52642:11: Bye Bye [preauth]
Jul 08 09:50:41 ubuntu-two sshd[2873]: Disconnected from authenticating user root 165.22.50.136 port 52642 [preauth]
Jul 08 09:50:50 ubuntu-two sshd[2875]: Received disconnect from 128.199.230.181 port 44158:11: Bye Bye [preauth]
Jul 08 09:50:50 ubuntu-two sshd[2875]: Disconnected from authenticating user root 128.199.230.181 port 44158 [preauth]
Jul 08 09:51:05 ubuntu-two sshd[2877]: Received disconnect from 178.62.76.96 port 52932:11: Bye Bye [preauth]
Jul 08 09:51:05 ubuntu-two sshd[2877]: Disconnected from authenticating user root 178.62.76.96 port 52932 [preauth]
Jul 08 09:51:24 ubuntu-two sshd[2879]: Connection closed by authenticating user root 167.71.35.9 port 38554 [preauth]
Jul 08 09:51:51 ubuntu-two sshd[2881]: Received disconnect from 138.68.58.124 port 50320:11: Bye Bye [preauth]
Jul 08 09:51:51 ubuntu-two sshd[2881]: Disconnected from authenticating user root 138.68.58.124 port 50320 [preauth]
Jul 08 09:52:00 ubuntu-two sshd[2883]: Received disconnect from 98.143.148.45 port 48964:11: Bye Bye [preauth]
Jul 08 09:52:00 ubuntu-two sshd[2883]: Disconnected from authenticating user root 98.143.148.45 port 48964 [preauth]
Jul 08 09:52:07 ubuntu-two sshd[2885]: Received disconnect from 42.193.44.188 port 49548:11: Bye Bye [preauth]
Jul 08 09:52:07 ubuntu-two sshd[2885]: Disconnected from authenticating user root 42.193.44.188 port 49548 [preauth]
Jul 08 09:52:15 ubuntu-two sshd[2887]: Received disconnect from 159.65.152.65 port 44246:11: Bye Bye [preauth]
Jul 08 09:52:15 ubuntu-two sshd[2887]: Disconnected from authenticating user root 159.65.152.65 port 44246 [preauth]
Jul 08 09:52:28 ubuntu-two sshd[2889]: Received disconnect from 106.13.1.98 port 45214:11: Bye Bye [preauth]
